2026-01-18 16:49:26 - AVVIO SCRIPT rclone 2.1-b1
2026-01-18 16:49:26 - Uso rsync --detect-renamed come funzione custom
2026-01-18 16:49:27 - Esecuzione in --dry-run per comando rclone, non verranno registrate modifiche.
2026-01-18 16:49:30 - Attivazione funzione copy di rclone su OneDrive.
2026/01/18 16:49:32 NOTICE: Documenti: Skipped set directory modification time as --dry-run is set
2026/01/18 16:49:32 NOTICE: Scrivania: Skipped set directory modification time as --dry-run is set
2026/01/18 16:49:32 NOTICE: Immagini/Schermate: Skipped set directory modification time as --dry-run is set
2026/01/18 16:49:32 NOTICE: Immagini/Steam: Skipped set directory modification time as --dry-run is set
2026/01/18 16:49:32 NOTICE: Documenti/github: Skipped set directory modification time as --dry-run is set
2026/01/18 16:49:32 NOTICE: Documenti/GitHub: Duplicate directory found in source - ignoring
2026/01/18 16:49:34 NOTICE: Immagini/Steam/238010_20260117214839_1.png: Skipped copy as --dry-run is set (size 4.562Mi)
2026/01/18 16:49:34 NOTICE: Immagini/Steam/238010_20260117233328_1.png: Skipped copy as --dry-run is set (size 5.299Mi)
2026/01/18 16:49:34 NOTICE: Immagini/Steam/238010_20260117222029_1.png: Skipped copy as --dry-run is set (size 4.804Mi)
2026/01/18 16:49:34 NOTICE: Immagini/Steam/238010_20260117221715_1.png: Skipped copy as --dry-run is set (size 5.095Mi)
2026/01/18 16:49:34 NOTICE: Immagini/Steam/238010_20260118160303_1.png: Skipped copy as --dry-run is set (size 3.190Mi)
2026/01/18 16:49:34 NOTICE: Immagini/Steam/3527290_20260118131119_1.png: Skipped copy as --dry-run is set (size 6.398Mi)
2026/01/18 16:49:34 NOTICE: Immagini/Steam/3527290_20260118125220_1.png: Skipped copy as --dry-run is set (size 6.094Mi)
2026/01/18 16:49:34 NOTICE: Immagini/Steam/3527290_20260118125325_1.png: Skipped copy as --dry-run is set (size 6.395Mi)
2026/01/18 16:49:34 NOTICE: Immagini/Steam/3527290_20260118133303_1.png: Skipped copy as --dry-run is set (size 6.293Mi)
2026/01/18 16:49:34 NOTICE: Immagini/Steam/3527290_20260118133331_1.png: Skipped copy as --dry-run is set (size 6.316Mi)
2026/01/18 16:49:34 NOTICE: Immagini/Schermate/Schermata_20260118_110634.png: Skipped copy as --dry-run is set (size 521.534Ki)
2026/01/18 16:49:34 NOTICE: Immagini/Schermate/Schermata_20260118_125142.png: Skipped copy as --dry-run is set (size 9.861Mi)
2026/01/18 16:49:37 NOTICE: 
Transferred:   	   64.815 MiB / 64.815 MiB, 100%, 0 B/s, ETA -
Checks:              1983 / 1983, 100%, Listed 4226
Transferred:           12 / 12, 100%
Elapsed time:         5.3s

2026-01-18 16:49:37 - Attivazione funzione copy di rclone su Google Drive.
2026/01/18 16:49:38 NOTICE: Documenti: Skipped set directory modification time as --dry-run is set (size 0)
2026/01/18 16:49:38 NOTICE: Scrivania: Skipped set directory modification time as --dry-run is set (size 0)
2026/01/18 16:49:38 NOTICE: Video/2A.mp4: Skipped copy as --dry-run is set (size 261.624Mi)
2026/01/18 16:49:38 NOTICE: Video/Batman_ Arkham City (32-bit, DX11) 2022-08-20 16-26-13.mp4: Skipped copy as --dry-run is set (size 295.701Mi)
2026/01/18 16:49:38 NOTICE: Video/Batman_ Arkham City (32-bit, DX11) 2022-08-20 14-34-46.mp4: Skipped copy as --dry-run is set (size 440.382Mi)
2026/01/18 16:49:38 NOTICE: Video/Batman_ Arkham City (32-bit, DX11) 20_08_2022 14_33_46.png: Skipped copy as --dry-run is set (size 14.542Mi)
2026/01/18 16:49:38 NOTICE: Video/Batman_ Arkham City (32-bit, DX11) 2022-08-20 14-57-22.mp4: Skipped copy as --dry-run is set (size 84.433Mi)
2026/01/18 16:49:38 NOTICE: Video/Batman_ Arkham City (32-bit, DX11) 20_08_2022 16_24_39.png: Skipped copy as --dry-run is set (size 17.665Mi)
2026/01/18 16:49:38 NOTICE: Video/Black Mesa - 2024-11-17 20-58-10.mp4: Skipped copy as --dry-run is set (size 54.595Mi)
2026/01/18 16:49:38 NOTICE: Video/Registrazione dello schermo 2025-07-20 115249.mp4: Skipped copy as --dry-run is set (size 36.891Mi)
2026/01/18 16:49:38 NOTICE: Video/Ritaglia_1.745.437.948.231.mp4: Skipped copy as --dry-run is set (size 1.447Gi)
2026/01/18 16:49:38 NOTICE: Video/Stellar Blade™ - 2025-06-28 23-46-11.mp4: Skipped copy as --dry-run is set (size 328.910Mi)
2026/01/18 16:49:38 NOTICE: Video/Stellar Blade™ - 2025-07-01 23-52-24.mp4: Skipped copy as --dry-run is set (size 273.894Mi)
2026/01/18 16:49:38 NOTICE: Video/Stellar Blade™ - 2025-07-03 16-01-07.mp4: Skipped copy as --dry-run is set (size 584.244Mi)
2026/01/18 16:49:38 NOTICE: Video/Stellar Blade™ - 2025-07-03 17-32-06.mp4: Skipped copy as --dry-run is set (size 526.751Mi)
2026/01/18 16:49:38 NOTICE: Video/Batman_ Arkham City (32-bit, DX11) 20_08_2022 14_52_58.png: Skipped copy as --dry-run is set (size 13.410Mi)
2026/01/18 16:49:38 NOTICE: Video/Batman_ Arkham City (32-bit, DX11) 20_08_2022 15_21_34.png: Skipped copy as --dry-run is set (size 16.636Mi)
2026/01/18 16:49:38 NOTICE: Video/Stellar Blade™ - 2025-07-04 17-18-27.mp4: Skipped copy as --dry-run is set (size 1.748Gi)
2026/01/18 16:49:38 NOTICE: Video/Stellar Blade™ - 2025-07-05 18-16-38.mp4: Skipped copy as --dry-run is set (size 106.479Mi)
2026/01/18 16:49:38 NOTICE: Video/Batman_ Arkham City (32-bit, DX11) 20_08_2022 14_34_34.png: Skipped copy as --dry-run is set (size 16.863Mi)
2026/01/18 16:49:38 NOTICE: Video/The Last of Us™ Parte I - 2024-11-10 19-16-14.mp4: Skipped copy as --dry-run is set (size 454.113Mi)
2026/01/18 16:49:38 NOTICE: Video/The Last of Us™ Parte I - 2024-11-13 22-39-32.mp4: Skipped copy as --dry-run is set (size 196.721Mi)
2026/01/18 16:49:38 NOTICE: Video/Stellar Blade™ - 2025-07-03 22-17-09.mp4: Skipped copy as --dry-run is set (size 1.015Gi)
2026/01/18 16:49:38 NOTICE: Video/Warhammer 40-000- Space Marine 2 - 2025-01-08 23-40-32.mp4: Skipped copy as --dry-run is set (size 630.003Mi)
2026/01/18 16:49:38 NOTICE: Video/Stellar Blade™ - 2025-07-03 22-19-59.mp4: Skipped copy as --dry-run is set (size 298.390Mi)
2026/01/18 16:49:38 NOTICE: Video/Stellar Blade™ - 2025-07-05 19-18-43.mp4: Skipped copy as --dry-run is set (size 159.369Mi)
2026/01/18 16:49:38 NOTICE: Video/The Last of Us™ Parte I - 2024-11-14 07-16-21.mp4: Skipped copy as --dry-run is set (size 2.370Gi)
2026/01/18 16:49:38 NOTICE: Immagini/Schermate: Skipped set directory modification time as --dry-run is set (size 0)
2026/01/18 16:49:38 NOTICE: Immagini/Steam: Skipped set directory modification time as --dry-run is set (size 0)
2026/01/18 16:49:38 NOTICE: Documenti/github: Skipped set directory modification time as --dry-run is set (size 0)
2026/01/18 16:49:39 NOTICE: Documenti/ARCA/associati.pdf: Skipped copy as --dry-run is set (size 449.904Ki)
2026/01/18 16:49:39 NOTICE: Documenti/ARCA/contacts.csv: Skipped copy as --dry-run is set (size 148.997Ki)
2026/01/18 16:49:39 NOTICE: Documenti/ARCA/contatti.csv: Skipped copy as --dry-run is set (size 42.613Ki)
2026/01/18 16:49:39 NOTICE: Documenti/ARCA/Elenco nominativi e recapiti mail e telefonici associati AGGIORNATO 2021.10.01.xlsx: Skipped copy as --dry-run is set (size 279.517Ki)
2026/01/18 16:49:39 NOTICE: Documenti/ARCA/Elenco x Manuel.xlsx: Skipped copy as --dry-run is set (size 87.828Ki)
2026/01/18 16:49:39 NOTICE: Documenti/ARCA/conferma iscritti ARCA 25-11-2021.xlsx: Skipped copy as --dry-run is set (size 25.679Ki)
2026/01/18 16:49:39 NOTICE: Documenti/ARCA/dispersi.pdf: Skipped copy as --dry-run is set (size 540.730Ki)
2026/01/18 16:49:39 NOTICE: Documenti/Apple System Profiler/Mac mini 1,25GHz Mac OS X 10.3.9.spx: Skipped copy as --dry-run is set (size 593.815Ki)
2026/01/18 16:49:39 NOTICE: Documenti/Apple System Profiler/Power Mac G4 1,25GHz Mac OS X 10.5.8 avvio singolo.spx: Skipped copy as --dry-run is set (size 980.127Ki)
2026/01/18 16:49:39 NOTICE: Documenti/Apple System Profiler/Power Mac G4 1,25GHz Mac OS X 10.5.8 con controller USB 2.0.spx: Skipped copy as --dry-run is set (size 1006.696Ki)
2026/01/18 16:49:39 NOTICE: Documenti/Apple System Profiler/Power Mac G4 533MHz Mac OS X 10.4.11.spx: Skipped copy as --dry-run is set (size 3.247Mi)
2026/01/18 16:49:39 NOTICE: Documenti/Apple System Profiler/iMac 24" Mac OS X 10.6.1.spx: Skipped copy as --dry-run is set (size 1.959Mi)
2026/01/18 16:49:39 NOTICE: Documenti/Apple System Profiler/iMac 24" Mac OS X 10.6.2.spx: Skipped copy as --dry-run is set (size 1.719Mi)
2026/01/18 16:49:39 NOTICE: Documenti/Apple System Profiler/iMac 24" Mac OS X 10.6.8.spx: Skipped copy as --dry-run is set (size 2.055Mi)
2026/01/18 16:49:39 NOTICE: Documenti/Apple System Profiler/Mac mini 1,25GHz Mac OS X 10.5.spx: Skipped copy as --dry-run is set (size 1.552Mi)
2026/01/18 16:49:39 NOTICE: Documenti/Apple System Profiler/Power Mac G4 1,25GHz Mac OS X 10.5.8 avvio RAID.spx: Skipped copy as --dry-run is set (size 941.636Ki)
2026/01/18 16:49:39 NOTICE: Documenti/Apple System Profiler/iMac 24" Mac OS X 10.7.spx: Skipped copy as --dry-run is set (size 2.991Mi)
2026/01/18 16:49:39 NOTICE: Documenti/Casa via Delle Docce/Ricevuta cambio residenza BALBI MANUEL.pdf: Skipped copy as --dry-run is set (size 47.978Ki)
2026/01/18 16:49:39 NOTICE: Documenti/Casa via Delle Docce/VARIAZIONE-TARI_ESATTO-dic.-2017-2.pdf: Skipped copy as --dry-run is set (size 222.827Ki)
2026/01/18 16:49:39 NOTICE: Documenti/Amazon/Cofidis/DocumentRender.pdf: Skipped copy as --dry-run is set (size 521.521Ki)
2026/01/18 16:49:39 NOTICE: Documenti/GitHub/rclone_script/README.md: Skipped copy as --dry-run is set (size 84)
2026/01/18 16:49:39 NOTICE: Documenti/GitHub/rclone_script/rclone_script.sh: Skipped copy as --dry-run is set (size 14.445Ki)
2026/01/18 16:49:39 NOTICE: Documenti/GitHub/rclone_script/LICENSE: Skipped copy as --dry-run is set (size 17.668Ki)
2026/01/18 16:49:39 NOTICE: Documenti/GitHub/rclone_script/rclone_conf.txt: Skipped copy as --dry-run is set (size 493)
2026/01/18 16:49:39 NOTICE: Documenti/GitHub/rclone_script/rclone_conf_mba.txt: Skipped copy as --dry-run is set (size 441)
2026/01/18 16:49:39 NOTICE: Documenti/Casa via Delle Docce/ATER/2020-12-10 dati catastali.pdf: Skipped copy as --dry-run is set (size 1.220Mi)
2026/01/18 16:49:39 NOTICE: Documenti/Casa via Delle Docce/ATER/2020-12-10 ricevuta assegnazione alloggio.pdf: Skipped copy as --dry-run is set (size 1.320Mi)
2026/01/18 16:49:39 NOTICE: Documenti/Casa via Delle Docce/ATER/ATTO__NOTORIO_POSSESSO_REQUISITI_REQUISITI_24.1.1.pdf: Skipped copy as --dry-run is set (size 133.071Ki)
2026/01/18 16:49:39 NOTICE: Documenti/Casa via Delle Docce/ATER/Comunicazione matrimonio.pdf: Skipped copy as --dry-run is set (size 251.250Ki)
2026/01/18 16:49:39 NOTICE: Documenti/Casa via Delle Docce/ATER/Contratto di locazione ATER via delle Docce 3-1.pdf: Skipped copy as --dry-run is set (size 1.544Mi)
2026/01/18 16:49:39 NOTICE: Documenti/Casa via Delle Docce/ATER/Piantina via delle Docce 3:1.pdf: Skipped copy as --dry-run is set (size 1.286Mi)
2026/01/18 16:49:39 NOTICE: Documenti/Casa via Delle Docce/ATER/Planimetria catastale 12 giugno 1956.pdf: Skipped copy as --dry-run is set (size 1.434Mi)
2026/01/18 16:49:39 NOTICE: Documenti/Casa via Delle Docce/ATER/Regolamentoper_la_disciplina_dellInquilinato_A.pdf: Skipped copy as --dry-run is set (size 359.591Ki)
2026/01/18 16:49:39 NOTICE: Documenti/Casa via Delle Docce/ATER/COMUNICAZIONE_MATRIMONIO_-_UNIONE_CIVILE_24.1.1.pdf: Skipped copy as --dry-run is set (size 155.672Ki)
2026/01/18 16:49:39 NOTICE: Documenti/Casa via Delle Docce/ATER/Regolamento_per_la_ripartizione_degli_oneri_di_gestione_e_di_manutenzione_A.pdf: Skipped copy as --dry-run is set (size 2.284Mi)
2026/01/18 16:49:39 NOTICE: Documenti/Casa via Delle Docce/ATER/Dichiarazione atto notorio.pdf: Skipped copy as --dry-run is set (size 526.889Ki)
2026/01/18 16:49:39 NOTICE: Documenti/Moglie/04_2024_PTRDJL79R62Z158D.pdf: Skipped copy as --dry-run is set (size 23.222Ki)
2026/01/18 16:49:39 NOTICE: Documenti/Moglie/2023-10-23 delega avvocato con firma Danijela Petrović .pdf: Skipped copy as --dry-run is set (size 560.452Ki)
2026/01/18 16:49:39 NOTICE: Documenti/Moglie/5ba8bc5c0cca424a9fbfbb7a90f16596 2.pdf: Skipped copy as --dry-run is set (size 7.453Ki)
2026/01/18 16:49:39 NOTICE: Documenti/Moglie/5ba8bc5c0cca424a9fbfbb7a90f16596.pdf: Skipped copy as --dry-run is set (size 813.357Ki)
2026/01/18 16:49:39 NOTICE: Documenti/Moglie/9201558200.pdf: Skipped copy as --dry-run is set (size 275.704Ki)
2026/01/18 16:49:39 NOTICE: Documenti/Moglie/2021_03_08_COMP_DEF_Modulo_RICHIESTA_DOC_CPI_DELEGA-FINALE-MIRATO-_ultimo.pdf: Skipped copy as --dry-run is set (size 371.911Ki)
2026/01/18 16:49:39 NOTICE: Documenti/Moglie/2024-04-08 contratto Compass Group.pdf: Skipped copy as --dry-run is set (size 330.432Ki)
2026/01/18 16:49:39 NOTICE: Documenti/Moglie/Carta d’identità CA73441EC compresso.pdf: Skipped copy as --dry-run is set (size 496.165Ki)
2026/01/18 16:49:39 NOTICE: Documenti/Moglie/399_Scelta_regime_patrimoniale_per_rito_civile_da_celebrarsi_a_T_RCLp248.pdf: Skipped copy as --dry-run is set (size 33.425Ki)
2026/01/18 16:49:39 NOTICE: Documenti/Moglie/Carta d’identità Davide Balbi.pdf: Skipped copy as --dry-run is set (size 793.364Ki)
2026/01/18 16:49:39 NOTICE: Documenti/Moglie/Certificato di proprietà casa di Снеготин.pdf: Skipped copy as --dry-run is set (size 1.860Mi)
2026/01/18 16:49:39 NOTICE: Documenti/Moglie/Concessione parco Miramare.pdf: Skipped copy as --dry-run is set (size 1.691Mi)
2026/01/18 16:49:39 NOTICE: Documenti/Moglie/Anticipo hotel Sonia.pdf: Skipped copy as --dry-run is set (size 49.777Ki)
2026/01/18 16:49:39 NOTICE: Documenti/Moglie/D&M-861.jpeg: Skipped copy as --dry-run is set (size 3.703Mi)
2026/01/18 16:49:39 NOTICE: Documenti/Moglie/Delega Sindacale.pdf: Skipped copy as --dry-run is set (size 334.779Ki)
2026/01/18 16:49:39 NOTICE: Documenti/Moglie/Bonifico Miramare .pdf: Skipped copy as --dry-run is set (size 49.586Ki)
2026/01/18 16:49:39 NOTICE: Documenti/Moglie/Carta d’identità CA73441EC.pdf: Skipped copy as --dry-run is set (size 5.245Mi)
2026/01/18 16:49:39 NOTICE: Documenti/Moglie/Denuncia_querela violazione degli obblighi di assistenza familiare_compresso.pdf: Skipped copy as --dry-run is set (size 241.976Ki)
2026/01/18 16:49:39 NOTICE: Documenti/Moglie/Denuncia_querela violazione degli obblighi di assistenza familiare_medio_compresso.pdf: Skipped copy as --dry-run is set (size 1.303Mi)
2026/01/18 16:49:39 NOTICE: Documenti/Moglie/Estratto dell’atto di matrimonio compresso.pdf: Skipped copy as --dry-run is set (size 709.967Ki)
2026/01/18 16:49:39 NOTICE: Documenti/Moglie/D&M-841.jpeg: Skipped copy as --dry-run is set (size 4.952Mi)
2026/01/18 16:49:39 NOTICE: Documenti/Moglie/Estratto di nascita compresso.pdf: Skipped copy as --dry-run is set (size 654.049Ki)
2026/01/18 16:49:39 NOTICE: Documenti/Moglie/Estratto di nascita.pdf: Skipped copy as --dry-run is set (size 8.580Mi)
2026/01/18 16:49:39 NOTICE: Documenti/Moglie/Hotel Sonia.pdf: Skipped copy as --dry-run is set (size 50.013Ki)
2026/01/18 16:49:39 NOTICE: Documenti/Moglie/Denuncia smarrimento carta d’identità .pdf: Skipped copy as --dry-run is set (size 555.092Ki)
2026/01/18 16:49:39 NOTICE: Documenti/Moglie/Denuncia_querela violazione degli obblighi di assistenza familiare.pdf: Skipped copy as --dry-run is set (size 10.725Mi)
2026/01/18 16:49:39 NOTICE: Documenti/Moglie/Modulo_concessione_diritti_di_riproduzione.pdf: Skipped copy as --dry-run is set (size 443.465Ki)
2026/01/18 16:49:39 NOTICE: Documenti/Moglie/Modulo_concessione_diritti_di_riproduzione_(1)[1].docx: Skipped copy as --dry-run is set (size 49.873Ki)
2026/01/18 16:49:39 NOTICE: Documenti/Moglie/Nulla osta legalizzato.pdf: Skipped copy as --dry-run is set (size 2.770Mi)
2026/01/18 16:49:39 NOTICE: Documenti/Moglie/Nulla osta.pdf: Skipped copy as --dry-run is set (size 6.445Mi)
2026/01/18 16:49:39 NOTICE: Documenti/Moglie/PETROVIC aumento a tempo firmato.pdf: Skipped copy as --dry-run is set (size 47.959Ki)
2026/01/18 16:49:39 NOTICE: Documenti/Moglie/Permesso di soggiorno Danijela Petrović n. I19450639.pdf: Skipped copy as --dry-run is set (size 74.293Ki)
2026/01/18 16:49:39 NOTICE: Documenti/Moglie/Permesso di soggiorno.jpg: Skipped copy as --dry-run is set (size 81.586Ki)
2026/01/18 16:49:39 NOTICE: Documenti/Moglie/Petrovic D. aumento def. a 01.02.2024.pdf: Skipped copy as --dry-run is set (size 208.114Ki)
2026/01/18 16:49:39 NOTICE: Documenti/Moglie/Recesso_rete_fissa.pdf: Skipped copy as --dry-run is set (size 102.517Ki)
2026/01/18 16:49:39 NOTICE: Documenti/Moglie/Recesso_rete_fissa_firmato.pdf: Skipped copy as --dry-run is set (size 254.792Ki)
2026/01/18 16:49:39 NOTICE: Documenti/Moglie/Ricevuta Amazon stampini.pdf: Skipped copy as --dry-run is set (size 103.322Ki)
2026/01/18 16:49:39 NOTICE: Documenti/Moglie/Ricevuta richiesta permesso di soggiorno per stranieri.pdf: Skipped copy as --dry-run is set (size 1.421Mi)
2026/01/18 16:49:39 NOTICE: Documenti/Moglie/RicevutaPagamento_113414436.pdf: Skipped copy as --dry-run is set (size 45.721Ki)
2026/01/18 16:49:39 NOTICE: Documenti/Moglie/Richiesta parco di Miramare .pdf: Skipped copy as --dry-run is set (size 423.266Ki)
2026/01/18 16:49:39 NOTICE: Documenti/Moglie/Scontrini materiale scolastico Sara.pdf: Skipped copy as --dry-run is set (size 1.456Mi)
2026/01/18 16:49:39 NOTICE: Documenti/Moglie/Secondo acconto fotografa Giada Genzo .pdf: Skipped copy as --dry-run is set (size 49.812Ki)
2026/01/18 16:49:39 NOTICE: Documenti/Moglie/Tre merli 1:2.pdf: Skipped copy as --dry-run is set (size 49.780Ki)
2026/01/18 16:49:39 NOTICE: Documenti/Moglie/Tre merli 2:2.pdf: Skipped copy as --dry-run is set (size 49.675Ki)
2026/01/18 16:49:39 NOTICE: Documenti/Moglie/richiesta storico C2.pdf: Skipped copy as --dry-run is set (size 485.532Ki)
2026/01/18 16:49:39 NOTICE: Documenti/Moglie/Estratto dell’atto di matrimonio.pdf: Skipped copy as --dry-run is set (size 9.034Mi)
2026/01/18 16:49:39 NOTICE: Documenti/Moglie/Il Piccolo Trieste26 Marzo2023_20230326_081411.pdf: Skipped copy as --dry-run is set (size 19.833Mi)
2026/01/18 16:49:39 NOTICE: Documenti/Moglie/Licenza-1509201202300001313.pdf: Skipped copy as --dry-run is set (size 112.272Ki)
2026/01/18 16:49:39 NOTICE: Documenti/Casa via Delle Docce/caldaia/IT02046570426_6UKO1.pdf: Skipped copy as --dry-run is set (size 52.266Ki)
2026/01/18 16:49:39 NOTICE: Documenti/Casa via Delle Docce/caldaia/IT02046570426_72hhv.pdf: Skipped copy as --dry-run is set (size 52.819Ki)
2026/01/18 16:49:39 NOTICE: Documenti/Casa via Delle Docce/caldaia/IT02046570426_aBMYb.pdf: Skipped copy as --dry-run is set (size 52.778Ki)
2026/01/18 16:49:39 NOTICE: Documenti/Casa via Delle Docce/caldaia/IT02046570426_6UKO1.xml.p7m: Skipped copy as --dry-run is set (size 8.869Ki)
2026/01/18 16:49:39 NOTICE: Documenti/Casa via Delle Docce/caldaia/CERASMART.PDF: Skipped copy as --dry-run is set (size 645.421Ki)
2026/01/18 16:49:39 NOTICE: Documenti/Casa via Delle Docce/caldaia/Ricevuta Knez.pdf: Skipped copy as --dry-run is set (size 57.319Ki)
2026/01/18 16:49:40 NOTICE: Documenti/730/730 2026/IMG_4640.heic: Skipped copy as --dry-run is set (size 1.470Mi)
2026/01/18 16:49:40 NOTICE: Immagini/Schermate/Schermata_20260118_110634.png: Skipped copy as --dry-run is set (size 521.534Ki)
2026/01/18 16:49:40 NOTICE: Immagini/Schermate/Schermata_20260118_125142.png: Skipped copy as --dry-run is set (size 9.861Mi)
2026/01/18 16:49:40 NOTICE: Documenti/Casa via Delle Docce/Cucina/Fattura 2.pdf: Skipped copy as --dry-run is set (size 109.852Ki)
2026/01/18 16:49:40 NOTICE: Documenti/Casa via Delle Docce/Cucina/Fattura.pdf: Skipped copy as --dry-run is set (size 109.017Ki)
2026/01/18 16:49:40 NOTICE: Documenti/Casa via Delle Docce/Cucina/Fattura 3.pdf: Skipped copy as --dry-run is set (size 118.692Ki)
2026/01/18 16:49:40 NOTICE: Documenti/730/730 2025/07197014_MOD.pdf: Skipped copy as --dry-run is set (size 134.200Ki)
2026/01/18 16:49:40 NOTICE: Documenti/730/730 2025/CU2025.PDF: Skipped copy as --dry-run is set (size 399.206Ki)
2026/01/18 16:49:40 NOTICE: Documenti/730/730 2025/CU_2024_PTRDJL79R62Z158D_S00003GMCE.pdf: Skipped copy as --dry-run is set (size 109.204Ki)
2026/01/18 16:49:40 NOTICE: Documenti/730/730 2025/ELENCO DOCUMENTI 730 2025.pdf: Skipped copy as --dry-run is set (size 92.529Ki)
2026/01/18 16:49:40 NOTICE: Documenti/730/730 2025/Ricevuta otorinolaringoiatra asportazione tappi cerulosi dott.ssa Azzurra Nicole Šuran Brunelli.pdf: Skipped copy as --dry-run is set (size 932.725Ki)
2026/01/18 16:49:40 NOTICE: Documenti/730/730 2025/certificato_stato_d_famiglia.pdf: Skipped copy as --dry-run is set (size 75.415Ki)
2026/01/18 16:49:40 NOTICE: Documenti/730/730 2025/07197014_MOD_tesserino.pdf: Skipped copy as --dry-run is set (size 134.200Ki)
2026/01/18 16:49:40 NOTICE: Documenti/730/730 2025/Modello CU-2025-2.pdf: Skipped copy as --dry-run is set (size 138.070Ki)
2026/01/18 16:49:40 NOTICE: Documenti/730/730 2025/libri di testo 2.pdf: Skipped copy as --dry-run is set (size 121.454Ki)
2026/01/18 16:49:40 NOTICE: Documenti/730/730 2025/Documento unico di rendicontazione.pdf: Skipped copy as --dry-run is set (size 204.481Ki)
2026/01/18 16:49:40 NOTICE: Documenti/730/730 2025/doc isee manuel.PDF: Skipped copy as --dry-run is set (size 643.896Ki)
2026/01/18 16:49:40 NOTICE: Documenti/730/730 2025/libri di testo 1.pdf: Skipped copy as --dry-run is set (size 97.668Ki)
2026/01/18 16:49:40 NOTICE: Documenti/730/730 2025/mmcbhj1g21byc0ewbwbwfyf0-417387_63054.pdf: Skipped copy as --dry-run is set (size 94.830Ki)
2026/01/18 16:49:40 NOTICE: Documenti/730/730 2025/libri di testo 3.pdf: Skipped copy as --dry-run is set (size 98.069Ki)
2026/01/18 16:49:40 NOTICE: Documenti/730/730 2025/mmcbhj1g21byc0ewbwbwfyf0-417379_63045.pdf: Skipped copy as --dry-run is set (size 136.753Ki)
2026/01/18 16:49:40 NOTICE: Documenti/da Windows/2025-02-10.CSV: Skipped copy as --dry-run is set (size 407.882Ki)
2026/01/18 16:49:40 NOTICE: Documenti/da Windows/IT2022EBAY0004554716-A4-f63e918f-fa8b-4dd6-b65d-2dd8fba2660e.pdf: Skipped copy as --dry-run is set (size 81.248Ki)
2026/01/18 16:49:40 NOTICE: Documenti/da Windows/NICA.txt: Skipped copy as --dry-run is set (size 73.343Ki)
2026/01/18 16:49:40 NOTICE: Documenti/da Windows/PH-ES620P.pdf: Skipped copy as --dry-run is set (size 11.777Mi)
2026/01/18 16:49:40 NOTICE: Documenti/da Windows/Radeon logo.heic: Skipped copy as --dry-run is set (size 548.354Ki)
2026/01/18 16:49:40 NOTICE: Documenti/da Windows/Trasferte.xlsx: Skipped copy as --dry-run is set (size 17.411Ki)
2026/01/18 16:49:40 NOTICE: Documenti/da Windows/calendario.xlsb: Skipped copy as --dry-run is set (size 16.392Ki)
2026/01/18 16:49:40 NOTICE: Documenti/da Windows/Audio WhatsApp 2025-08-09 ore 18.36.46_77f510d8.mp3.docx: Skipped copy as --dry-run is set (size 12.443Ki)
2026/01/18 16:49:40 NOTICE: Documenti/da Windows/comparazione schede video v3.xlsx: Skipped copy as --dry-run is set (size 76.327Ki)
2026/01/18 16:49:40 NOTICE: Documenti/da Windows/IT2022EBAY0004735178-A4-93d7c6b8-e4d1-470a-b3e1-94b07756cd68.pdf: Skipped copy as --dry-run is set (size 68.649Ki)
2026/01/18 16:49:40 NOTICE: Documenti/da Windows/MYW10.txt: Skipped copy as --dry-run is set (size 133.767Ki)
2026/01/18 16:49:40 NOTICE: Documenti/da Windows/link per Le Ali Del Sogno.txt: Skipped copy as --dry-run is set (size 26.313Ki)
2026/01/18 16:49:40 NOTICE: Documenti/da Windows/nomi per tableaux da marriage.docx: Skipped copy as --dry-run is set (size 16.129Ki)
2026/01/18 16:49:40 NOTICE: Documenti/da Windows/comparazione schede video v2.xlsx: Skipped copy as --dry-run is set (size 58.632Ki)
2026/01/18 16:49:40 NOTICE: Documenti/da Windows/spese Nausicaa settembre 2025.xlsx: Skipped copy as --dry-run is set (size 8.620Ki)
2026/01/18 16:49:40 NOTICE: Documenti/da Windows/trascrizione Marina e Darjan.docx: Skipped copy as --dry-run is set (size 17.143Ki)
2026/01/18 16:49:40 NOTICE: Documenti/da Windows/trascrizione messaggi Marina.docx: Skipped copy as --dry-run is set (size 11.063Ki)
2026/01/18 16:49:40 NOTICE: Documenti/da Windows/comparazione schede video.xlsx: Skipped copy as --dry-run is set (size 64.643Ki)
2026/01/18 16:49:40 NOTICE: Documenti/da Windows/elenco link serie TV Le Ali Del Sogno.xlsx: Skipped copy as --dry-run is set (size 17.588Ki)
2026/01/18 16:49:40 NOTICE: Documenti/da Windows/prova tastiera Razer.docx: Skipped copy as --dry-run is set (size 10.405Ki)
2026/01/18 16:49:40 NOTICE: Immagini/Steam/238010_20260117214839_1.png: Skipped copy as --dry-run is set (size 4.562Mi)
2026/01/18 16:49:40 NOTICE: Immagini/Steam/238010_20260118160303_1.png: Skipped copy as --dry-run is set (size 3.190Mi)
2026/01/18 16:49:40 NOTICE: Immagini/Steam/238010_20260117221715_1.png: Skipped copy as --dry-run is set (size 5.095Mi)
2026/01/18 16:49:40 NOTICE: Immagini/Steam/3527290_20260118125325_1.png: Skipped copy as --dry-run is set (size 6.395Mi)
2026/01/18 16:49:40 NOTICE: Immagini/Steam/238010_20260117222029_1.png: Skipped copy as --dry-run is set (size 4.804Mi)
2026/01/18 16:49:40 NOTICE: Immagini/Steam/3527290_20260118133303_1.png: Skipped copy as --dry-run is set (size 6.293Mi)
2026/01/18 16:49:40 NOTICE: Immagini/Steam/238010_20260117233328_1.png: Skipped copy as --dry-run is set (size 5.299Mi)
2026/01/18 16:49:40 NOTICE: Immagini/Steam/3527290_20260118125220_1.png: Skipped copy as --dry-run is set (size 6.094Mi)
2026/01/18 16:49:40 NOTICE: Immagini/Steam/3527290_20260118131119_1.png: Skipped copy as --dry-run is set (size 6.398Mi)
2026/01/18 16:49:40 NOTICE: Immagini/Steam/3527290_20260118133331_1.png: Skipped copy as --dry-run is set (size 6.316Mi)
2026/01/18 16:49:40 NOTICE: Documenti/Mods/Deus Ex Human Revolution/DEUS EX HUMAN REVOLUTION 4K UI FIX.rtf: Skipped copy as --dry-run is set (size 1.466Ki)
2026/01/18 16:49:40 NOTICE: Documenti/da iCloud/1080p.mov: Skipped copy as --dry-run is set (size 178.813Mi)
2026/01/18 16:49:40 NOTICE: Documenti/da iCloud/ASTE-6Z7VBG_R1_IT.pdf: Skipped copy as --dry-run is set (size 279.346Ki)
2026/01/18 16:49:40 NOTICE: Documenti/da iCloud/Allegato C1 Manuel Balbi conduzione SAP APO_FR[86].pdf: Skipped copy as --dry-run is set (size 397.766Ki)
2026/01/18 16:49:40 NOTICE: Documenti/da iCloud/'Mamma' Nica 18-12-14.aac: Skipped copy as --dry-run is set (size 65.192Ki)
2026/01/18 16:49:40 NOTICE: Documenti/da iCloud/180319_DrFriuli_Avviso-di-vendita.pdf: Skipped copy as --dry-run is set (size 1.287Mi)
2026/01/18 16:49:40 NOTICE: Documenti/da iCloud/Carta d'Identità Manuel Balbi CA08785AK.pdf: Skipped copy as --dry-run is set (size 598.193Ki)
2026/01/18 16:49:40 NOTICE: Documenti/da iCloud/Acqua_dichiarazioneARERA_v04_REV IAv1.pdf: Skipped copy as --dry-run is set (size 360.027Ki)
2026/01/18 16:49:40 NOTICE: Documenti/da iCloud/Charlie Hebdo and Tsarnaev’s Trial: Cui bono? - PaulCraigRoberts.orgPaulCraigRoberts.org.pdf: Skipped copy as --dry-run is set (size 91.366Ki)
2026/01/18 16:49:40 NOTICE: Documenti/da iCloud/Conteggio e conferma estinzione prestito Prexta n. 1030431.pdf: Skipped copy as --dry-run is set (size 2.028Mi)
2026/01/18 16:49:40 NOTICE: Documenti/da iCloud/Audio Message.amr: Skipped copy as --dry-run is set (size 34.811Ki)
2026/01/18 16:49:40 NOTICE: Documenti/da iCloud/Estinzione prestito rateale Prexta Spa.pdf: Skipped copy as --dry-run is set (size 37.984Ki)
2026/01/18 16:49:40 NOTICE: Documenti/da iCloud/GDL.WKS76.210706.SAL173.pdf: Skipped copy as --dry-run is set (size 387.388Ki)
2026/01/18 16:49:40 NOTICE: Documenti/da iCloud/Il latino da sapere - Il Post.html: Skipped copy as --dry-run is set (size 22.271Ki)
2026/01/18 16:49:40 NOTICE: Documenti/da iCloud/MENU_EAT_IN_inverno2020_def.pdf: Skipped copy as --dry-run is set (size 2.244Mi)
2026/01/18 16:49:40 NOTICE: Documenti/da iCloud/CELEX%3A12016P%2FTXT%3AIT%3ATXT.pdf: Skipped copy as --dry-run is set (size 1.002Mi)
2026/01/18 16:49:40 NOTICE: Documenti/da iCloud/Certificato di battesimo Manuel.pdf: Skipped copy as --dry-run is set (size 3.642Mi)
2026/01/18 16:49:40 NOTICE: Documenti/da iCloud/PIN INPS.jpg: Skipped copy as --dry-run is set (size 14.114Ki)
2026/01/18 16:49:40 NOTICE: Documenti/da iCloud/Password.png: Skipped copy as --dry-run is set (size 30.599Ki)
2026/01/18 16:49:40 NOTICE: Documenti/da iCloud/Ricevuta della Carta d'identità CA08785AK.pdf: Skipped copy as --dry-run is set (size 188.676Ki)
2026/01/18 16:49:40 NOTICE: Documenti/da iCloud/SESAMO - medico dott.ssa Donatella Piva.pdf: Skipped copy as --dry-run is set (size 128.568Ki)
2026/01/18 16:49:40 NOTICE: Documenti/da iCloud/Corpse Bride - Piano Duet Cut.mov: Skipped copy as --dry-run is set (size 750.458Ki)
2026/01/18 16:49:40 NOTICE: Documenti/da iCloud/Matricola.png: Skipped copy as --dry-run is set (size 33.004Ki)
2026/01/18 16:49:40 NOTICE: Documenti/da iCloud/TICKETS.pdf: Skipped copy as --dry-run is set (size 42.858Ki)
2026/01/18 16:49:40 NOTICE: Documenti/da iCloud/Tessera Sanitaria Manuel Balbi scadenza 2028.pdf: Skipped copy as --dry-run is set (size 1.727Mi)
2026/01/18 16:49:40 NOTICE: Documenti/da iCloud/Wi-Fi ManuelVVA8.png: Skipped copy as --dry-run is set (size 10.086Ki)
2026/01/18 16:49:40 NOTICE: Documenti/da iCloud/Moduloautodichiarazione.pdf: Skipped copy as --dry-run is set (size 794.459Ki)
2026/01/18 16:49:40 NOTICE: Documenti/da iCloud/Safari - 29 mag 2019, 21:42.pdf: Skipped copy as --dry-run is set (size 6.124Mi)
2026/01/18 16:49:40 NOTICE: Documenti/da iCloud/dichiarazione_sostitutiva_atto_notorio_firmato.pdf: Skipped copy as --dry-run is set (size 701.816Ki)
2026/01/18 16:49:40 NOTICE: Documenti/da iCloud/libretto istruzioni ed avvertenze EOLO Mini Immergas.pdf: Skipped copy as --dry-run is set (size 2.014Mi)
2026/01/18 16:49:40 NOTICE: Documenti/da iCloud/Stato di famiglia.pdf: Skipped copy as --dry-run is set (size 277.031Ki)
2026/01/18 16:49:40 NOTICE: Documenti/da iCloud/come pagare con BONIFICO BANCARIO - Fornitore energia elettrica - Forniture gas - EstEnergy.pdf: Skipped copy as --dry-run is set (size 39.712Ki)
2026/01/18 16:49:40 NOTICE: Documenti/da iCloud/comunicazione conclusiva contratto di finanziamento AGOS DUCATO per iPhone 6s.pdf: Skipped copy as --dry-run is set (size 730.698Ki)
2026/01/18 16:49:42 NOTICE: Documenti/Mods/Deus Ex Human Revolution: Skipped update directory metadata as --dry-run is set (size 0)
2026/01/18 16:49:42 NOTICE: Documenti/Casa via Delle Docce/Cucina: Skipped update directory metadata as --dry-run is set (size 0)
2026/01/18 16:49:42 NOTICE: Documenti/730/730 2026: Skipped update directory metadata as --dry-run is set
2026/01/18 16:49:42 NOTICE: Documenti/730/730 2025: Skipped update directory metadata as --dry-run is set (size 0)
2026/01/18 16:49:42 NOTICE: Documenti/GitHub/rclone_script: Skipped update directory metadata as --dry-run is set
2026/01/18 16:49:42 NOTICE: Documenti/Amazon/Cofidis: Skipped update directory metadata as --dry-run is set
2026/01/18 16:49:42 NOTICE: Documenti/Casa via Delle Docce/caldaia: Skipped update directory metadata as --dry-run is set
2026/01/18 16:49:42 NOTICE: Documenti/Casa via Delle Docce/ATER: Skipped update directory metadata as --dry-run is set
2026/01/18 16:49:42 NOTICE: Documenti/730: Skipped update directory metadata as --dry-run is set (size 0)
2026/01/18 16:49:42 NOTICE: Documenti/GitHub: Skipped update directory metadata as --dry-run is set
2026/01/18 16:49:42 NOTICE: Documenti/da Windows: Skipped update directory metadata as --dry-run is set
2026/01/18 16:49:42 NOTICE: Documenti/Moglie: Skipped update directory metadata as --dry-run is set (size 0)
2026/01/18 16:49:42 NOTICE: Documenti/da iCloud: Skipped update directory metadata as --dry-run is set
2026/01/18 16:49:42 NOTICE: Documenti/ARCA: Skipped update directory metadata as --dry-run is set
2026/01/18 16:49:42 NOTICE: Documenti/Casa via Delle Docce: Skipped update directory metadata as --dry-run is set (size 0)
2026/01/18 16:49:42 NOTICE: Documenti/Amazon: Skipped update directory metadata as --dry-run is set
2026/01/18 16:49:42 NOTICE: Documenti/Mods: Skipped update directory metadata as --dry-run is set (size 0)
2026/01/18 16:49:42 NOTICE: Documenti/Apple System Profiler: Skipped update directory metadata as --dry-run is set (size 0)
2026/01/18 16:49:42 NOTICE: Video: Skipped update directory metadata as --dry-run is set (size 0)
2026/01/18 16:49:42 NOTICE: Google drive root '': Skipped update directory metadata as --dry-run is set
2026/01/18 16:49:42 NOTICE: Google drive root '': Skipped update directory metadata as --dry-run is set
2026/01/18 16:49:42 NOTICE: Google drive root '': Skipped update directory metadata as --dry-run is set
2026/01/18 16:49:42 NOTICE: Google drive root '': Skipped update directory metadata as --dry-run is set
2026/01/18 16:49:42 NOTICE: Google drive root '': Skipped update directory metadata as --dry-run is set
2026/01/18 16:49:42 NOTICE: 
Transferred:   	   11.676 GiB / 11.676 GiB, 100%, 0 B/s, ETA -
Checks:              1801 / 1801, 100%, Listed 4039
Transferred:          199 / 199, 100%
Elapsed time:         5.0s

2026-01-18 16:49:43 - Script rclone 2.1-b1 terminato.

2026-01-18 16:55:18 - AVVIO SCRIPT rclone 2.1-b1
2026-01-18 16:55:18 - Uso rsync --detect-renamed come funzione custom
2026-01-18 16:55:20 - Disattivata funzione --dry-run per comando rclone, il servizio rclone avrà efficacia.
2026-01-18 16:55:20 - Attivazione funzione copy di rclone su OneDrive.
2026/01/18 16:55:22 INFO  : Documenti: Set directory modification time (using SetModTime)
2026/01/18 16:55:22 INFO  : Scrivania: Set directory modification time (using SetModTime)
2026/01/18 16:55:23 INFO  : Immagini/Schermate: Set directory modification time (using SetModTime)
2026/01/18 16:55:23 INFO  : Documenti/github: Set directory modification time (using SetModTime)
2026/01/18 16:55:23 NOTICE: Documenti/GitHub: Duplicate directory found in source - ignoring
2026/01/18 16:55:23 INFO  : Immagini/Steam: Set directory modification time (using SetModTime)
2026/01/18 16:55:29 INFO  : Immagini/Schermate/Schermata_20260118_110634.png: Copied (new)
2026/01/18 16:55:30 INFO  : Immagini/Steam/238010_20260117221715_1.png: Copied (new)
2026/01/18 16:55:30 INFO  : Immagini/Schermate/Schermata_20260118_125142.png: Copied (new)
2026/01/18 16:55:31 INFO  : Immagini/Steam/238010_20260117222029_1.png: Copied (new)
2026/01/18 16:55:31 INFO  : Immagini/Steam/238010_20260117214839_1.png: Copied (new)
2026/01/18 16:55:32 INFO  : Immagini/Steam/238010_20260117233328_1.png: Copied (new)
2026/01/18 16:55:32 INFO  : Immagini/Steam/238010_20260118160303_1.png: Copied (new)
2026/01/18 16:55:32 INFO  : Immagini/Steam/3527290_20260118125220_1.png: Copied (new)
2026/01/18 16:55:33 INFO  : Immagini/Steam/3527290_20260118125325_1.png: Copied (new)
2026/01/18 16:55:34 INFO  : Immagini/Steam/3527290_20260118131119_1.png: Copied (new)
2026/01/18 16:55:34 INFO  : Immagini/Steam/3527290_20260118133331_1.png: Copied (new)
2026/01/18 16:55:34 INFO  : Immagini/Steam/3527290_20260118133303_1.png: Copied (new)
2026/01/18 16:55:35 INFO  : Immagini/Steam: Updated directory metadata
2026/01/18 16:55:35 INFO  : Immagini/Schermate: Updated directory metadata
2026/01/18 16:55:35 INFO  : Immagini: Updated directory metadata
2026/01/18 16:55:35 INFO  : 
Transferred:   	   64.815 MiB / 64.815 MiB, 100%, 4.986 MiB/s, ETA 0s
Checks:              1983 / 1983, 100%, Listed 4226
Transferred:           12 / 12, 100%
Elapsed time:        13.6s

2026-01-18 16:55:35 - Attivazione funzione copy di rclone su Google Drive.
2026/01/18 16:55:37 INFO  : Documenti: Set directory modification time (using SetModTime)
2026/01/18 16:55:37 INFO  : Scrivania: Set directory modification time (using SetModTime)
2026/01/18 16:55:38 INFO  : Immagini/Schermate: Set directory modification time (using SetModTime)
2026/01/18 16:55:38 INFO  : Documenti/github: Set directory modification time (using SetModTime)
2026/01/18 16:55:38 INFO  : Immagini/Steam: Set directory modification time (using SetModTime)
2026/01/18 16:55:44 INFO  : Video/Batman_ Arkham City (32-bit, DX11) 2022-08-20 14-57-22.mp4: Copied (new)
2026/01/18 16:55:48 INFO  : Video/Batman_ Arkham City (32-bit, DX11) 20_08_2022 14_33_46.png: Copied (new)
2026/01/18 16:55:52 INFO  : Video/2A.mp4: Copied (new)
2026/01/18 16:55:53 INFO  : Video/Batman_ Arkham City (32-bit, DX11) 2022-08-20 16-26-13.mp4: Copied (new)
2026/01/18 16:55:53 INFO  : Video/Batman_ Arkham City (32-bit, DX11) 20_08_2022 14_34_34.png: Copied (new)
2026/01/18 16:55:56 INFO  : Video/Batman_ Arkham City (32-bit, DX11) 20_08_2022 14_52_58.png: Copied (new)
2026/01/18 16:55:56 INFO  : Video/Batman_ Arkham City (32-bit, DX11) 20_08_2022 15_21_34.png: Copied (new)
2026/01/18 16:55:57 INFO  : Video/Batman_ Arkham City (32-bit, DX11) 20_08_2022 16_24_39.png: Copied (new)
2026/01/18 16:55:59 INFO  : Video/Batman_ Arkham City (32-bit, DX11) 2022-08-20 14-34-46.mp4: Copied (new)
2026/01/18 16:56:00 INFO  : Video/Registrazione dello schermo 2025-07-20 115249.mp4: Copied (new)
2026/01/18 16:56:00 INFO  : Video/Black Mesa - 2024-11-17 20-58-10.mp4: Copied (new)
2026/01/18 16:56:13 INFO  : Video/Stellar Blade™ - 2025-07-01 23-52-24.mp4: Copied (new)
2026/01/18 16:56:15 INFO  : Video/Stellar Blade™ - 2025-06-28 23-46-11.mp4: Copied (new)
2026/01/18 16:56:36 INFO  : Video/Stellar Blade™ - 2025-07-03 16-01-07.mp4: Copied (new)
2026/01/18 16:56:39 INFO  : Video/Stellar Blade™ - 2025-07-03 17-32-06.mp4: Copied (new)
2026/01/18 16:56:52 INFO  : Video/Stellar Blade™ - 2025-07-03 22-19-59.mp4: Copied (new)
2026/01/18 16:57:00 INFO  : Video/Stellar Blade™ - 2025-07-05 18-16-38.mp4: Copied (new)
2026/01/18 16:57:01 INFO  : Video/Ritaglia_1.745.437.948.231.mp4: Copied (new)
2026/01/18 16:57:07 INFO  : Video/Stellar Blade™ - 2025-07-03 22-17-09.mp4: Copied (new)
2026/01/18 16:57:09 INFO  : Video/Stellar Blade™ - 2025-07-05 19-18-43.mp4: Copied (new)
2026/01/18 16:57:19 INFO  : Video/The Last of Us™ Parte I - 2024-11-13 22-39-32.mp4: Copied (new)
2026/01/18 16:57:26 INFO  : Video/The Last of Us™ Parte I - 2024-11-10 19-16-14.mp4: Copied (new)
2026/01/18 16:57:28 INFO  : Documenti/ARCA/Elenco nominativi e recapiti mail e telefonici associati AGGIORNATO 2021.10.01.xlsx: Copied (new)
2026/01/18 16:57:30 INFO  : Documenti/ARCA/Elenco x Manuel.xlsx: Copied (new)
2026/01/18 16:57:31 INFO  : Documenti/ARCA/associati.pdf: Copied (new)
2026/01/18 16:57:33 INFO  : Documenti/ARCA/conferma iscritti ARCA 25-11-2021.xlsx: Copied (new)
2026/01/18 16:57:34 INFO  : Documenti/ARCA/contacts.csv: Copied (new)
2026/01/18 16:57:35 INFO  : Documenti/ARCA/contatti.csv: Copied (new)
2026/01/18 16:57:37 INFO  : Documenti/ARCA/dispersi.pdf: Copied (new)
2026/01/18 16:57:38 INFO  : Documenti/Apple System Profiler/Mac mini 1,25GHz Mac OS X 10.3.9.spx: Copied (new)
2026/01/18 16:57:40 INFO  : Documenti/Apple System Profiler/Mac mini 1,25GHz Mac OS X 10.5.spx: Copied (new)
2026/01/18 16:57:41 INFO  : Documenti/Apple System Profiler/Power Mac G4 1,25GHz Mac OS X 10.5.8 avvio RAID.spx: Copied (new)
2026/01/18 16:57:43 INFO  : Documenti/Apple System Profiler/Power Mac G4 1,25GHz Mac OS X 10.5.8 avvio singolo.spx: Copied (new)
2026/01/18 16:57:44 INFO  : Documenti/Apple System Profiler/Power Mac G4 1,25GHz Mac OS X 10.5.8 con controller USB 2.0.spx: Copied (new)
2026/01/18 16:57:46 INFO  : Documenti/Apple System Profiler/Power Mac G4 533MHz Mac OS X 10.4.11.spx: Copied (new)
2026/01/18 16:57:47 INFO  : Video/Warhammer 40-000- Space Marine 2 - 2025-01-08 23-40-32.mp4: Copied (new)
2026/01/18 16:57:47 INFO  : Documenti/Apple System Profiler/iMac 24" Mac OS X 10.6.1.spx: Copied (new)
2026/01/18 16:57:49 INFO  : Documenti/Apple System Profiler/iMac 24" Mac OS X 10.6.2.spx: Copied (new)
2026/01/18 16:57:49 INFO  : Documenti/Apple System Profiler/iMac 24" Mac OS X 10.6.8.spx: Copied (new)
2026/01/18 16:57:50 INFO  : Documenti/Apple System Profiler/iMac 24" Mac OS X 10.7.spx: Copied (new)
2026/01/18 16:57:51 INFO  : Documenti/Casa via Delle Docce/Ricevuta cambio residenza BALBI MANUEL.pdf: Copied (new)
2026/01/18 16:57:52 INFO  : Documenti/Casa via Delle Docce/VARIAZIONE-TARI_ESATTO-dic.-2017-2.pdf: Copied (new)
2026/01/18 16:57:53 INFO  : Documenti/Amazon/Cofidis/DocumentRender.pdf: Copied (new)
2026/01/18 16:57:55 INFO  : Documenti/GitHub/rclone_script/README.md: Copied (new)
2026/01/18 16:57:55 INFO  : Documenti/GitHub/rclone_script/LICENSE: Copied (new)
2026/01/18 16:57:57 INFO  : Documenti/GitHub/rclone_script/rclone_conf.txt: Copied (new)
2026/01/18 16:57:57 INFO  : Documenti/GitHub/rclone_script/rclone_conf_mba.txt: Copied (new)
2026/01/18 16:57:58 INFO  : Documenti/GitHub/rclone_script/rclone_script.sh: Copied (new)
2026/01/18 16:57:59 INFO  : Documenti/Casa via Delle Docce/ATER/2020-12-10 ricevuta assegnazione alloggio.pdf: Copied (new)
2026/01/18 16:57:59 INFO  : Documenti/Casa via Delle Docce/ATER/2020-12-10 dati catastali.pdf: Copied (new)
2026/01/18 16:58:00 INFO  : Video/Stellar Blade™ - 2025-07-04 17-18-27.mp4: Copied (new)
2026/01/18 16:58:00 INFO  : Documenti/Casa via Delle Docce/ATER/ATTO__NOTORIO_POSSESSO_REQUISITI_REQUISITI_24.1.1.pdf: Copied (new)
2026/01/18 16:58:00 INFO  : Documenti/Casa via Delle Docce/ATER/COMUNICAZIONE_MATRIMONIO_-_UNIONE_CIVILE_24.1.1.pdf: Copied (new)
2026/01/18 16:58:01 INFO  : Documenti/Casa via Delle Docce/ATER/Comunicazione matrimonio.pdf: Copied (new)
2026/01/18 16:58:02 INFO  : Documenti/Casa via Delle Docce/ATER/Dichiarazione atto notorio.pdf: Copied (new)
2026/01/18 16:58:02 INFO  : Documenti/Casa via Delle Docce/ATER/Contratto di locazione ATER via delle Docce 3-1.pdf: Copied (new)
2026/01/18 16:58:02 INFO  : Documenti/Casa via Delle Docce/ATER/Piantina via delle Docce 3:1.pdf: Copied (new)
2026/01/18 16:58:03 INFO  : Documenti/Casa via Delle Docce/ATER/Planimetria catastale 12 giugno 1956.pdf: Copied (new)
2026/01/18 16:58:03 INFO  : Documenti/Casa via Delle Docce/ATER/Regolamento_per_la_ripartizione_degli_oneri_di_gestione_e_di_manutenzione_A.pdf: Copied (new)
2026/01/18 16:58:04 INFO  : Documenti/Casa via Delle Docce/ATER/Regolamentoper_la_disciplina_dellInquilinato_A.pdf: Copied (new)
2026/01/18 16:58:05 INFO  : Documenti/da Windows/2025-02-10.CSV: Copied (new)
2026/01/18 16:58:05 INFO  : Documenti/da Windows/Audio WhatsApp 2025-08-09 ore 18.36.46_77f510d8.mp3.docx: Copied (new)
2026/01/18 16:58:06 INFO  : Documenti/da Windows/IT2022EBAY0004554716-A4-f63e918f-fa8b-4dd6-b65d-2dd8fba2660e.pdf: Copied (new)
2026/01/18 16:58:07 INFO  : Documenti/da Windows/MYW10.txt: Copied (new)
2026/01/18 16:58:07 INFO  : Documenti/da Windows/IT2022EBAY0004735178-A4-93d7c6b8-e4d1-470a-b3e1-94b07756cd68.pdf: Copied (new)
2026/01/18 16:58:07 INFO  : Documenti/da Windows/NICA.txt: Copied (new)
2026/01/18 16:58:08 INFO  : Documenti/da Windows/Trasferte.xlsx: Copied (new)
2026/01/18 16:58:09 INFO  : Documenti/da Windows/PH-ES620P.pdf: Copied (new)
2026/01/18 16:58:09 INFO  : Documenti/da Windows/Radeon logo.heic: Copied (new)
2026/01/18 16:58:09 INFO  : Documenti/da Windows/calendario.xlsb: Copied (new)
2026/01/18 16:58:10 INFO  : Documenti/da Windows/comparazione schede video v2.xlsx: Copied (new)
2026/01/18 16:58:10 INFO  : Documenti/da Windows/comparazione schede video v3.xlsx: Copied (new)
2026/01/18 16:58:11 INFO  : Documenti/da Windows/comparazione schede video.xlsx: Copied (new)
2026/01/18 16:58:11 INFO  : Documenti/da Windows/elenco link serie TV Le Ali Del Sogno.xlsx: Copied (new)
2026/01/18 16:58:12 INFO  : Documenti/da Windows/link per Le Ali Del Sogno.txt: Copied (new)
2026/01/18 16:58:12 INFO  : Documenti/da Windows/nomi per tableaux da marriage.docx: Copied (new)
2026/01/18 16:58:13 INFO  : Documenti/da Windows/prova tastiera Razer.docx: Copied (new)
2026/01/18 16:58:13 INFO  : Documenti/da Windows/spese Nausicaa settembre 2025.xlsx: Copied (new)
2026/01/18 16:58:14 INFO  : Documenti/da Windows/trascrizione Marina e Darjan.docx: Copied (new)
2026/01/18 16:58:14 INFO  : Documenti/da Windows/trascrizione messaggi Marina.docx: Copied (new)
2026/01/18 16:58:14 INFO  : Documenti/Moglie/04_2024_PTRDJL79R62Z158D.pdf: Copied (new)
2026/01/18 16:58:15 INFO  : Documenti/Moglie/2021_03_08_COMP_DEF_Modulo_RICHIESTA_DOC_CPI_DELEGA-FINALE-MIRATO-_ultimo.pdf: Copied (new)
2026/01/18 16:58:15 INFO  : Documenti/Moglie/2023-10-23 delega avvocato con firma Danijela Petrović .pdf: Copied (new)
2026/01/18 16:58:16 INFO  : Documenti/Moglie/2024-04-08 contratto Compass Group.pdf: Copied (new)
2026/01/18 16:58:17 INFO  : Documenti/Moglie/5ba8bc5c0cca424a9fbfbb7a90f16596 2.pdf: Copied (new)
2026/01/18 16:58:17 INFO  : Documenti/Moglie/5ba8bc5c0cca424a9fbfbb7a90f16596.pdf: Copied (new)
2026/01/18 16:58:17 INFO  : Documenti/Moglie/399_Scelta_regime_patrimoniale_per_rito_civile_da_celebrarsi_a_T_RCLp248.pdf: Copied (new)
2026/01/18 16:58:18 INFO  : Documenti/Moglie/Anticipo hotel Sonia.pdf: Copied (new)
2026/01/18 16:58:18 INFO  : Documenti/Moglie/9201558200.pdf: Copied (new)
2026/01/18 16:58:19 INFO  : Documenti/Moglie/Bonifico Miramare .pdf: Copied (new)
2026/01/18 16:58:20 INFO  : Documenti/Moglie/Carta d’identità CA73441EC compresso.pdf: Copied (new)
2026/01/18 16:58:20 INFO  : Documenti/Moglie/Carta d’identità CA73441EC.pdf: Copied (new)
2026/01/18 16:58:20 INFO  : Documenti/Moglie/Carta d’identità Davide Balbi.pdf: Copied (new)
2026/01/18 16:58:21 INFO  : Documenti/Moglie/Certificato di proprietà casa di Снеготин.pdf: Copied (new)
2026/01/18 16:58:21 INFO  : Documenti/Moglie/Concessione parco Miramare.pdf: Copied (new)
2026/01/18 16:58:22 INFO  : Documenti/Moglie/D&M-841.jpeg: Copied (new)
2026/01/18 16:58:23 INFO  : Documenti/Moglie/Delega Sindacale.pdf: Copied (new)
2026/01/18 16:58:24 INFO  : Documenti/Moglie/D&M-861.jpeg: Copied (new)
2026/01/18 16:58:24 INFO  : Documenti/Moglie/Denuncia smarrimento carta d’identità .pdf: Copied (new)
2026/01/18 16:58:25 INFO  : Documenti/Moglie/Denuncia_querela violazione degli obblighi di assistenza familiare.pdf: Copied (new)
2026/01/18 16:58:25 INFO  : Documenti/Moglie/Denuncia_querela violazione degli obblighi di assistenza familiare_compresso.pdf: Copied (new)
2026/01/18 16:58:25 INFO  : Documenti/Moglie/Denuncia_querela violazione degli obblighi di assistenza familiare_medio_compresso.pdf: Copied (new)
2026/01/18 16:58:26 INFO  : Documenti/Moglie/Estratto dell’atto di matrimonio compresso.pdf: Copied (new)
2026/01/18 16:58:27 INFO  : Documenti/Moglie/Estratto dell’atto di matrimonio.pdf: Copied (new)
2026/01/18 16:58:27 INFO  : Documenti/Moglie/Estratto di nascita compresso.pdf: Copied (new)
2026/01/18 16:58:28 INFO  : Documenti/Moglie/Estratto di nascita.pdf: Copied (new)
2026/01/18 16:58:28 INFO  : Documenti/Moglie/Hotel Sonia.pdf: Copied (new)
2026/01/18 16:58:29 INFO  : Documenti/Moglie/Il Piccolo Trieste26 Marzo2023_20230326_081411.pdf: Copied (new)
2026/01/18 16:58:29 INFO  : Documenti/Moglie/Modulo_concessione_diritti_di_riproduzione.pdf: Copied (new)
2026/01/18 16:58:29 INFO  : Documenti/Moglie/Licenza-1509201202300001313.pdf: Copied (new)
2026/01/18 16:58:30 INFO  : Documenti/Moglie/Modulo_concessione_diritti_di_riproduzione_(1)[1].docx: Copied (new)
2026/01/18 16:58:31 INFO  : Documenti/Moglie/Nulla osta legalizzato.pdf: Copied (new)
2026/01/18 16:58:31 INFO  : Documenti/Moglie/Nulla osta.pdf: Copied (new)
2026/01/18 16:58:32 INFO  : Documenti/Moglie/PETROVIC aumento a tempo firmato.pdf: Copied (new)
2026/01/18 16:58:32 INFO  : Documenti/Moglie/Permesso di soggiorno Danijela Petrović n. I19450639.pdf: Copied (new)
2026/01/18 16:58:33 INFO  : Documenti/Moglie/Permesso di soggiorno.jpg: Copied (new)
2026/01/18 16:58:33 INFO  : Documenti/Moglie/Petrovic D. aumento def. a 01.02.2024.pdf: Copied (new)
2026/01/18 16:58:34 INFO  : Documenti/Moglie/Recesso_rete_fissa.pdf: Copied (new)
2026/01/18 16:58:34 INFO  : Documenti/Moglie/Recesso_rete_fissa_firmato.pdf: Copied (new)
2026/01/18 16:58:35 INFO  : Documenti/Moglie/Ricevuta Amazon stampini.pdf: Copied (new)
2026/01/18 16:58:35 INFO  : Documenti/Moglie/Ricevuta richiesta permesso di soggiorno per stranieri.pdf: Copied (new)
2026/01/18 16:58:35 INFO  : Documenti/Moglie/RicevutaPagamento_113414436.pdf: Copied (new)
2026/01/18 16:58:36 INFO  : Documenti/Moglie/Richiesta parco di Miramare .pdf: Copied (new)
2026/01/18 16:58:36 INFO  : Documenti/Moglie/Scontrini materiale scolastico Sara.pdf: Copied (new)
2026/01/18 16:58:37 INFO  : Documenti/Moglie/Secondo acconto fotografa Giada Genzo .pdf: Copied (new)
2026/01/18 16:58:37 INFO  : Documenti/Moglie/Tre merli 1:2.pdf: Copied (new)
2026/01/18 16:58:37 INFO  : Documenti/Moglie/Tre merli 2:2.pdf: Copied (new)
2026/01/18 16:58:38 INFO  : Documenti/Moglie/richiesta storico C2.pdf: Copied (new)
2026/01/18 16:58:39 INFO  : Documenti/da iCloud/'Mamma' Nica 18-12-14.aac: Copied (new)
2026/01/18 16:58:40 INFO  : Documenti/da iCloud/180319_DrFriuli_Avviso-di-vendita.pdf: Copied (new)
2026/01/18 16:58:41 INFO  : Documenti/da iCloud/ASTE-6Z7VBG_R1_IT.pdf: Copied (new)
2026/01/18 16:58:41 INFO  : Documenti/da iCloud/Acqua_dichiarazioneARERA_v04_REV IAv1.pdf: Copied (new)
2026/01/18 16:58:42 INFO  : Documenti/da iCloud/Allegato C1 Manuel Balbi conduzione SAP APO_FR[86].pdf: Copied (new)
2026/01/18 16:58:43 INFO  : Documenti/da iCloud/Audio Message.amr: Copied (new)
2026/01/18 16:58:43 INFO  : Documenti/da iCloud/CELEX%3A12016P%2FTXT%3AIT%3ATXT.pdf: Copied (new)
2026/01/18 16:58:44 INFO  : Documenti/da iCloud/Carta d'Identità Manuel Balbi CA08785AK.pdf: Copied (new)
2026/01/18 16:58:44 INFO  : Video/The Last of Us™ Parte I - 2024-11-14 07-16-21.mp4: Copied (new)
2026/01/18 16:58:45 INFO  : Documenti/da iCloud/Certificato di battesimo Manuel.pdf: Copied (new)
2026/01/18 16:58:45 INFO  : Documenti/da iCloud/Charlie Hebdo and Tsarnaev’s Trial: Cui bono? - PaulCraigRoberts.orgPaulCraigRoberts.org.pdf: Copied (new)
2026/01/18 16:58:45 INFO  : Documenti/da iCloud/1080p.mov: Copied (new)
2026/01/18 16:58:46 INFO  : Documenti/da iCloud/Conteggio e conferma estinzione prestito Prexta n. 1030431.pdf: Copied (new)
2026/01/18 16:58:46 INFO  : Documenti/da iCloud/Corpse Bride - Piano Duet Cut.mov: Copied (new)
2026/01/18 16:58:47 INFO  : Documenti/da iCloud/Estinzione prestito rateale Prexta Spa.pdf: Copied (new)
2026/01/18 16:58:47 INFO  : Documenti/da iCloud/GDL.WKS76.210706.SAL173.pdf: Copied (new)
2026/01/18 16:58:47 INFO  : Documenti/da iCloud/Il latino da sapere - Il Post.html: Copied (new)
2026/01/18 16:58:48 INFO  : Documenti/da iCloud/MENU_EAT_IN_inverno2020_def.pdf: Copied (new)
2026/01/18 16:58:48 INFO  : Documenti/da iCloud/Matricola.png: Copied (new)
2026/01/18 16:58:48 INFO  : Documenti/da iCloud/Moduloautodichiarazione.pdf: Copied (new)
2026/01/18 16:58:49 INFO  : Documenti/da iCloud/PIN INPS.jpg: Copied (new)
2026/01/18 16:58:49 INFO  : Documenti/da iCloud/Password.png: Copied (new)
2026/01/18 16:58:49 INFO  : Documenti/da iCloud/Ricevuta della Carta d'identità CA08785AK.pdf: Copied (new)
2026/01/18 16:58:50 INFO  : Documenti/da iCloud/SESAMO - medico dott.ssa Donatella Piva.pdf: Copied (new)
2026/01/18 16:58:50 INFO  : Documenti/da iCloud/Safari - 29 mag 2019, 21:42.pdf: Copied (new)
2026/01/18 16:58:50 INFO  : Documenti/da iCloud/Stato di famiglia.pdf: Copied (new)
2026/01/18 16:58:51 INFO  : Documenti/da iCloud/TICKETS.pdf: Copied (new)
2026/01/18 16:58:51 INFO  : Documenti/da iCloud/Tessera Sanitaria Manuel Balbi scadenza 2028.pdf: Copied (new)
2026/01/18 16:58:51 INFO  : Documenti/da iCloud/Wi-Fi ManuelVVA8.png: Copied (new)
2026/01/18 16:58:52 INFO  : Documenti/da iCloud/come pagare con BONIFICO BANCARIO - Fornitore energia elettrica - Forniture gas - EstEnergy.pdf: Copied (new)
2026/01/18 16:58:52 INFO  : Documenti/da iCloud/comunicazione conclusiva contratto di finanziamento AGOS DUCATO per iPhone 6s.pdf: Copied (new)
2026/01/18 16:58:53 INFO  : Documenti/da iCloud/dichiarazione_sostitutiva_atto_notorio_firmato.pdf: Copied (new)
2026/01/18 16:58:54 INFO  : Documenti/da iCloud/libretto istruzioni ed avvertenze EOLO Mini Immergas.pdf: Copied (new)
2026/01/18 16:58:55 INFO  : Documenti/730/730 2026/IMG_4640.heic: Copied (new)
2026/01/18 16:58:55 INFO  : Documenti/Casa via Delle Docce/caldaia/CERASMART.PDF: Copied (new)
2026/01/18 16:58:55 INFO  : Documenti/Casa via Delle Docce/caldaia/IT02046570426_6UKO1.pdf: Copied (new)
2026/01/18 16:58:55 INFO  : Documenti/Casa via Delle Docce/caldaia/IT02046570426_6UKO1.xml.p7m: Copied (new)
2026/01/18 16:58:56 INFO  : Documenti/Casa via Delle Docce/caldaia/IT02046570426_72hhv.pdf: Copied (new)
2026/01/18 16:58:56 INFO  : Documenti/Casa via Delle Docce/caldaia/IT02046570426_aBMYb.pdf: Copied (new)
2026/01/18 16:58:57 INFO  : Documenti/Casa via Delle Docce/caldaia/Ricevuta Knez.pdf: Copied (new)
2026/01/18 16:58:57 INFO  : Documenti/Casa via Delle Docce/Cucina/Fattura 2.pdf: Copied (new)
2026/01/18 16:58:57 INFO  : Documenti/Casa via Delle Docce/Cucina/Fattura.pdf: Copied (new)
2026/01/18 16:58:57 INFO  : Documenti/Casa via Delle Docce/Cucina/Fattura 3.pdf: Copied (new)
2026/01/18 16:58:58 INFO  : Documenti/730/730 2025/07197014_MOD.pdf: Copied (new)
2026/01/18 16:58:58 INFO  : Documenti/730/730 2025/07197014_MOD_tesserino.pdf: Copied (new)
2026/01/18 16:58:58 INFO  : Documenti/730/730 2025/CU2025.PDF: Copied (new)
2026/01/18 16:58:59 INFO  : Documenti/730/730 2025/CU_2024_PTRDJL79R62Z158D_S00003GMCE.pdf: Copied (new)
2026/01/18 16:58:59 INFO  : Documenti/730/730 2025/Documento unico di rendicontazione.pdf: Copied (new)
2026/01/18 16:59:00 INFO  : Documenti/730/730 2025/ELENCO DOCUMENTI 730 2025.pdf: Copied (new)
2026/01/18 16:59:00 INFO  : Documenti/730/730 2025/Modello CU-2025-2.pdf: Copied (new)
2026/01/18 16:59:00 INFO  : Documenti/730/730 2025/certificato_stato_d_famiglia.pdf: Copied (new)
2026/01/18 16:59:00 INFO  : Documenti/730/730 2025/Ricevuta otorinolaringoiatra asportazione tappi cerulosi dott.ssa Azzurra Nicole Šuran Brunelli.pdf: Copied (new)
2026/01/18 16:59:01 INFO  : Documenti/730/730 2025/doc isee manuel.PDF: Copied (new)
2026/01/18 16:59:01 INFO  : Documenti/730/730 2025/libri di testo 1.pdf: Copied (new)
2026/01/18 16:59:02 INFO  : Documenti/730/730 2025/libri di testo 2.pdf: Copied (new)
2026/01/18 16:59:02 INFO  : Documenti/730/730 2025/libri di testo 3.pdf: Copied (new)
2026/01/18 16:59:02 INFO  : Documenti/730/730 2025/mmcbhj1g21byc0ewbwbwfyf0-417379_63045.pdf: Copied (new)
2026/01/18 16:59:03 INFO  : Documenti/730/730 2025/mmcbhj1g21byc0ewbwbwfyf0-417387_63054.pdf: Copied (new)
2026/01/18 16:59:03 INFO  : Documenti/Mods/Deus Ex Human Revolution/DEUS EX HUMAN REVOLUTION 4K UI FIX.rtf: Copied (new)
2026/01/18 16:59:04 INFO  : Immagini/Schermate/Schermata_20260118_110634.png: Copied (new)
2026/01/18 16:59:06 INFO  : Immagini/Steam/238010_20260117221715_1.png: Copied (new)
2026/01/18 16:59:06 INFO  : Immagini/Schermate/Schermata_20260118_125142.png: Copied (new)
2026/01/18 16:59:06 INFO  : Immagini/Steam/238010_20260117214839_1.png: Copied (new)
2026/01/18 16:59:07 INFO  : Immagini/Steam/238010_20260117222029_1.png: Copied (new)
2026/01/18 16:59:08 INFO  : Immagini/Steam/238010_20260118160303_1.png: Copied (new)
2026/01/18 16:59:09 INFO  : Immagini/Steam/3527290_20260118125220_1.png: Copied (new)
2026/01/18 16:59:09 INFO  : Immagini/Steam/238010_20260117233328_1.png: Copied (new)
2026/01/18 16:59:10 INFO  : Immagini/Steam/3527290_20260118125325_1.png: Copied (new)
2026/01/18 16:59:11 INFO  : Immagini/Steam/3527290_20260118131119_1.png: Copied (new)
2026/01/18 16:59:12 INFO  : Immagini/Steam/3527290_20260118133303_1.png: Copied (new)
2026/01/18 16:59:12 INFO  : Immagini/Steam/3527290_20260118133331_1.png: Copied (new)
2026/01/18 16:59:13 INFO  : Documenti/Mods/Deus Ex Human Revolution: Updated directory metadata
2026/01/18 16:59:13 INFO  : Documenti/Casa via Delle Docce/Cucina: Updated directory metadata
2026/01/18 16:59:13 INFO  : Documenti/730/730 2025: Updated directory metadata
2026/01/18 16:59:13 INFO  : Documenti/Amazon/Cofidis: Updated directory metadata
2026/01/18 16:59:13 INFO  : Documenti/GitHub/rclone_script: Updated directory metadata
2026/01/18 16:59:13 INFO  : Documenti/Casa via Delle Docce/caldaia: Updated directory metadata
2026/01/18 16:59:13 INFO  : Documenti/Casa via Delle Docce/ATER: Updated directory metadata
2026/01/18 16:59:13 INFO  : Documenti/730/730 2026: Updated directory metadata
2026/01/18 16:59:13 INFO  : Documenti/Moglie: Updated directory metadata
2026/01/18 16:59:13 INFO  : Documenti/730: Updated directory metadata
2026/01/18 16:59:13 INFO  : Documenti/Amazon: Updated directory metadata
2026/01/18 16:59:13 INFO  : Documenti/Mods: Updated directory metadata
2026/01/18 16:59:13 INFO  : Documenti/ARCA: Updated directory metadata
2026/01/18 16:59:13 INFO  : Documenti/Apple System Profiler: Updated directory metadata
2026/01/18 16:59:13 INFO  : Documenti/GitHub: Updated directory metadata
2026/01/18 16:59:14 INFO  : Documenti/Casa via Delle Docce: Updated directory metadata
2026/01/18 16:59:14 INFO  : Immagini/Steam: Updated directory metadata
2026/01/18 16:59:14 INFO  : Documenti/da Windows: Updated directory metadata
2026/01/18 16:59:14 INFO  : Documenti/da iCloud: Updated directory metadata
2026/01/18 16:59:14 INFO  : Immagini/Schermate: Updated directory metadata
2026/01/18 16:59:14 INFO  : Video: Updated directory metadata
2026/01/18 16:59:14 INFO  : Documenti: Updated directory metadata
2026/01/18 16:59:14 INFO  : Immagini: Updated directory metadata
2026/01/18 16:59:14 INFO  : 
Transferred:   	   11.676 GiB / 11.676 GiB, 100%, 10.445 MiB/s, ETA 0s
Checks:              1801 / 1801, 100%, Listed 4039
Transferred:          199 / 199, 100%
Elapsed time:      3m38.3s

2026-01-18 16:59:14 - Script rclone 2.1-b1 terminato.

2026-01-18 17:02:33 - AVVIO SCRIPT rclone 2.1-b1
2026-01-18 17:02:33 - Uso rsync --detect-renamed come funzione custom
2026-01-18 17:02:34 - Disattivata funzione --dry-run per comando rclone, il servizio rclone avrà efficacia.
2026-01-18 17:02:35 - Attivazione funzione copy di rclone su OneDrive.
2026/01/18 17:02:37 INFO  : Scrivania: Set directory modification time (using SetModTime)
2026/01/18 17:02:37 NOTICE: Documenti/GitHub: Duplicate directory found in source - ignoring
2026/01/18 17:02:38 INFO  : Immagini/Schermate: Set directory modification time (using SetModTime)
2026/01/18 17:02:43 INFO  : Immagini/Schermate/Schermata_20260118_170122.png: Copied (new)
2026/01/18 17:02:44 INFO  : Immagini/Schermate/Schermata_20260118_170147.png: Copied (new)
2026/01/18 17:02:44 INFO  : Immagini/Schermate: Updated directory metadata
2026/01/18 17:02:44 INFO  : Immagini: Updated directory metadata
2026/01/18 17:02:44 INFO  : 
Transferred:   	    6.084 MiB / 6.084 MiB, 100%, 890.044 KiB/s, ETA 0s
Checks:              1995 / 1995, 100%, Listed 4241
Transferred:            2 / 2, 100%
Elapsed time:         8.2s

2026-01-18 17:02:44 - Attivazione funzione copy di rclone su Google Drive.
2026/01/18 17:02:46 INFO  : Scrivania: Set directory modification time (using SetModTime)
2026/01/18 17:02:46 INFO  : Immagini/Schermate: Set directory modification time (using SetModTime)
2026/01/18 17:02:52 INFO  : Immagini/Schermate/Schermata_20260118_170122.png: Copied (new)
2026/01/18 17:02:53 INFO  : Immagini/Schermate/Schermata_20260118_170147.png: Copied (new)
2026/01/18 17:02:53 INFO  : Immagini/Schermate: Updated directory metadata
2026/01/18 17:02:53 INFO  : Immagini: Updated directory metadata
2026/01/18 17:02:53 INFO  : 
Transferred:   	    6.084 MiB / 6.084 MiB, 100%, 890.044 KiB/s, ETA 0s
Checks:              2000 / 2000, 100%, Listed 4251
Transferred:            2 / 2, 100%
Elapsed time:         8.5s

2026-01-18 17:02:53 - Script rclone 2.1-b1 terminato.

2026-01-18 19:57:47 - AVVIO SCRIPT rclone 2.1-b1
2026-01-18 19:57:47 - Uso rsync --detect-renamed come funzione custom
2026-01-18 19:57:49 - Disattivata funzione --dry-run per comando rclone, il servizio rclone avrà efficacia.
2026-01-18 19:57:50 - Attivazione funzione copy di rclone su OneDrive.
2026/01/18 19:57:52 NOTICE: Documenti/GitHub: Duplicate directory found in source - ignoring
2026/01/18 19:57:52 INFO  : Immagini/Steam: Set directory modification time (using SetModTime)
2026/01/18 19:58:00 INFO  : Immagini/Steam/238010_20260118174425_1.png: Copied (new)
2026/01/18 19:58:00 INFO  : Immagini/Steam: Updated directory metadata
2026/01/18 19:58:00 INFO  : Immagini: Updated directory metadata
2026/01/18 19:58:00 INFO  : 
Transferred:   	    3.083 MiB / 3.083 MiB, 100%, 394.663 KiB/s, ETA 0s
Checks:              1997 / 1997, 100%, Listed 4244
Transferred:            1 / 1, 100%
Elapsed time:         9.4s

2026-01-18 19:58:00 - Attivazione funzione copy di rclone su Google Drive.
2026/01/18 19:58:02 INFO  : Immagini/Steam: Set directory modification time (using SetModTime)
2026/01/18 19:58:09 INFO  : Immagini/Steam/238010_20260118174425_1.png: Copied (new)
2026/01/18 19:58:09 INFO  : Immagini/Steam: Updated directory metadata
2026/01/18 19:58:09 INFO  : Immagini: Updated directory metadata
2026/01/18 19:58:09 INFO  : 
Transferred:   	    3.083 MiB / 3.083 MiB, 100%, 451.045 KiB/s, ETA 0s
Checks:              2002 / 2002, 100%, Listed 4254
Transferred:            1 / 1, 100%
Elapsed time:         8.2s

2026-01-18 19:58:10 - Script rclone 2.1-b1 terminato.

2026-01-18 23:36:11 - AVVIO SCRIPT rclone 2.1-b1
2026-01-18 23:36:11 - Uso rsync --detect-renamed come funzione custom
2026-01-18 23:36:12 - Esecuzione in --dry-run per comando rclone, non verranno registrate modifiche.
2026-01-18 23:36:14 - Script rclone 2.1-b1 terminato.

2026-01-18 23:39:40 - AVVIO SCRIPT rclone 2.1-b1
2026-01-18 23:39:40 - Uso rsync --detect-renamed come funzione custom
2026-01-18 23:39:42 - Esecuzione in --dry-run per comando rclone, non verranno registrate modifiche.
Attivazione funzione Copy.
2026-01-18 23:39:43 - Script rclone 2.1-b1 terminato.

2026-01-18 23:43:30 - AVVIO SCRIPT rclone 2.1-b1
2026-01-18 23:43:30 - Uso rsync --detect-renamed come funzione custom
2026-01-18 23:43:32 - Esecuzione in --dry-run per comando rclone, non verranno registrate modifiche.
2026-01-18 23:43:33 - Attivazione funzione copy di rclone su OneDrive.
2026/01/18 23:43:34 NOTICE: Immagini/Schermate: Skipped set directory modification time as --dry-run is set
2026/01/18 23:43:35 NOTICE: Documenti/GitHub: Duplicate directory found in source - ignoring
2026/01/18 23:43:37 NOTICE: Immagini/Schermate/Schermata_20260118_220017.png: Skipped copy as --dry-run is set (size 182.565Ki)
2026/01/18 23:43:37 NOTICE: Immagini/Schermate/Schermata_20260118_220023.png: Skipped copy as --dry-run is set (size 4.609Mi)
2026/01/18 23:43:39 NOTICE: 
Transferred:   	    4.787 MiB / 4.787 MiB, 100%, 0 B/s, ETA -
Checks:              1998 / 1998, 100%, Listed 4247
Transferred:            2 / 2, 100%
Elapsed time:         5.6s

2026-01-18 23:43:39 - Attivazione funzione copy di rclone su Google Drive.
2026/01/18 23:43:41 NOTICE: Immagini/Schermate: Skipped set directory modification time as --dry-run is set (size 0)
2026/01/18 23:43:41 NOTICE: Documenti/GitHub/rclone_script: Skipped set directory modification time as --dry-run is set (size 0)
2026/01/18 23:43:42 NOTICE: Immagini/Schermate/Schermata_20260118_220017.png: Skipped copy as --dry-run is set (size 182.565Ki)
2026/01/18 23:43:42 NOTICE: Immagini/Schermate/Schermata_20260118_220023.png: Skipped copy as --dry-run is set (size 4.609Mi)
2026/01/18 23:43:42 NOTICE: Documenti/GitHub/rclone_script/nohup.out: Skipped copy as --dry-run is set (size 35.597Ki)
2026/01/18 23:43:42 NOTICE: Documenti/GitHub/rclone_script/README.md: Skipped copy as --dry-run is set (size 370)
2026/01/18 23:43:42 NOTICE: Documenti/GitHub/rclone_script/rclone_script.sh: Skipped copy as --dry-run is set (size 15.495Ki)
2026/01/18 23:43:45 NOTICE: 
Transferred:   	    4.838 MiB / 4.838 MiB, 100%, 0 B/s, ETA -
Checks:              2003 / 2003, 100%, Listed 4258
Transferred:            5 / 5, 100%
Elapsed time:         4.7s

2026-01-18 23:43:45 - Script rclone 2.1-b1 terminato.

